// Jest Snapshot v1, https://goo.gl/fbAQLP

exports[`should match with snapshot 1`] = `
<section
  className="loginSection"
>
  <p>
    Get the advice you need for the products you want.
  </p>
  <form
    className="loginForm"
    onSubmit={[Function]}
  >
    <legend>
      REGISTER
    </legend>
    <div
      id="error"
      role="alert"
    />
    <div>
      <label
        htmlFor="firstName"
      >
        First Name *
      </label>
      <input
        className="formInput"
        id="firstName"
        name="firstName"
        required="require"
        type="text"
      />
    </div>
    <div>
      <label
        htmlFor="lastName"
      >
        Last Name *
      </label>
      <input
        className="formInput"
        id="lastName"
        name="lastName"
        required="require"
        type="text"
      />
    </div>
    <div>
      <label
        htmlFor="email"
      >
        Email *
      </label>
      <input
        className="formInput"
        id="email"
        name="email"
        required="require"
        type="text"
      />
    </div>
    <div>
      <label
        htmlFor="password"
      >
        Password *
      </label>
      <input
        className="formInput"
        id="password"
        name="password"
        required="require"
        type="password"
      />
    </div>
    <input
      className="submitButton"
      type="submit"
      value="Submit"
    />
  </form>
  <p>
    Already have an account? 
    <a
      href="/login"
      onClick={[Function]}
    >
      Login.
    </a>
  </p>
</section>
`;
